// Jest Snapshot v1, https://goo.gl/fbAQLP

exports[`renders learn react link 1`] = `
.c1 {
  color: #0A1128;
}

.c0 {
  background: #dc143c;
}

<div
  class="c0"
>
  <h1
    class="c1"
  >
    Hello World!
  </h1>
</div>
`;
